src/features/users/pages/UsersPage.tsx(72,18): error TS2552: Cannot find name 'maxLength'. Did you mean 'length'?
src/features/users/pages/UsersPage.tsx(72,170): error TS2552: Cannot find name 'maxLength'. Did you mean 'length'?
src/features/users/pages/UsersPage.tsx(82,32): error TS2552: Cannot find name 'maxLength'. Did you mean 'length'?
